// Jest Snapshot v1, https://goo.gl/fbAQLP

exports[`components:SingleLineStringField works 1`] = `
<div>
  <div>
    <input
      class="sc-bwzfXH lfkgtm"
      name="message"
      type="text"
      value="Everything and log"
    />
    <button
      class="sc-bdVaJa hfjiEQ"
      disabled=""
    >
      Undo
    </button>
    <button
      class="sc-bdVaJa hfjiEQ"
      disabled=""
    >
      Redo
    </button>
    <button
      class="sc-bdVaJa kYzAVN"
    >
      Clear
    </button>
    <button
      class="sc-bdVaJa hfjiEQ"
      disabled=""
    >
      Save
    </button>
    <button
      class="sc-bdVaJa hfjiEQ"
      disabled=""
    >
      Reset
    </button>
  </div>
</div>
`;
